2026-05-09 17:58:55,067 | INFO | Crawled 1 pages
2026-05-09 17:59:02,544 | INFO | Checked page: https://rikixxx.vercel.app
2026-05-09 18:09:20,102 | INFO | Crawled 1 pages
2026-05-09 18:09:27,320 | INFO | Checked page: https://rikixx.vercel.app
2026-05-09 18:18:16,053 | INFO | Crawled 1 pages
2026-05-09 18:18:20,272 | INFO | Checked page: https://athaa-home.pages.dev
2026-05-09 18:32:30,105 | INFO | Crawled 0 pages
2026-05-09 18:54:58,376 | INFO | Crawled 4 pages
2026-05-09 18:55:02,997 | INFO | Checked page: https://komiklifyku.vercel.app
2026-05-09 18:55:04,976 | INFO | Checked page: https://komiklifyku.vercel.app/profile
2026-05-09 18:55:06,991 | INFO | Checked page: https://komiklifyku.vercel.app/favorites
2026-05-09 18:55:08,916 | INFO | Checked page: https://komiklifyku.vercel.app/search
2026-05-09 19:12:43,498 | INFO | Crawled 2 pages
2026-05-09 19:12:45,509 | INFO | Checked page: https://athars.space
2026-05-09 19:12:50,769 | INFO | Checked page: https://athars.space/cdn-cgi/content?id=gkv2UM8Ws9BNqDGylCXNtD_bBrkJzfsp54VSIG_upcY-1778328760.2784524-1.0.1.1-WehhK13.N5gheSmBisvKAlfjOqP7Xztwl.yy0GtNZNA
2026-05-09 20:16:57,748 | INFO | Crawled 1 pages
2026-05-09 20:17:27,212 | INFO | Checked page: https://filestorage-ar3eap5g.manus.space
2026-05-09 20:21:35,185 | INFO | Crawled 1 pages
2026-05-09 20:22:03,771 | INFO | Checked page: https://filestorage-ar3eap5g.manus.space
2026-05-09 20:24:45,605 | INFO | Crawled 1 pages
2026-05-09 20:24:52,459 | INFO | Checked page: https://randomwebbymika.edgeone.app
2026-05-09 20:26:03,283 | INFO | Crawled 1 pages
2026-05-09 20:26:10,412 | INFO | Checked page: https://randomwebbymika.edgeone.app
2026-05-09 21:09:22,944 | INFO | Crawled 5 pages
2026-05-09 21:09:45,661 | INFO | Checked page: https://web-music-new-update.vercel.app/
2026-05-09 21:09:54,660 | INFO | Checked page: https://web-music-new-update.vercel.app/history
2026-05-09 21:10:19,652 | INFO | Checked page: https://web-music-new-update.vercel.app/artist/UCDkv8TdCmYHL9sep2Ag3SFw
2026-05-09 21:10:44,313 | INFO | Checked page: https://web-music-new-update.vercel.app/artist/UChsdnMtXNws_GcYHn3nvIjg
2026-05-09 21:11:09,451 | INFO | Checked page: https://web-music-new-update.vercel.app/artist/UCa1eYN7cwBQrOFQLt_K8c-Q
2026-05-09 21:16:42,888 | INFO | Crawled 5 pages
2026-05-09 21:17:01,912 | INFO | Checked page: https://web-music-new-update.vercel.app/
2026-05-09 21:17:11,090 | INFO | Checked page: https://web-music-new-update.vercel.app/history
2026-05-09 21:17:35,976 | INFO | Checked page: https://web-music-new-update.vercel.app/artist/UCDkv8TdCmYHL9sep2Ag3SFw
2026-05-09 21:18:00,641 | INFO | Checked page: https://web-music-new-update.vercel.app/artist/UChsdnMtXNws_GcYHn3nvIjg
2026-05-09 21:18:25,806 | INFO | Checked page: https://web-music-new-update.vercel.app/artist/UCa1eYN7cwBQrOFQLt_K8c-Q
2026-05-09 21:21:18,995 | INFO | Crawled 5 pages
2026-05-09 21:21:38,795 | INFO | Checked page: https://web-music-new-update.vercel.app/
2026-05-09 21:21:47,949 | INFO | Checked page: https://web-music-new-update.vercel.app/history
2026-05-09 21:22:13,862 | INFO | Checked page: https://web-music-new-update.vercel.app/artist/UCDkv8TdCmYHL9sep2Ag3SFw
2026-05-09 21:22:38,544 | INFO | Checked page: https://web-music-new-update.vercel.app/artist/UChsdnMtXNws_GcYHn3nvIjg
2026-05-09 21:23:04,851 | INFO | Checked page: https://web-music-new-update.vercel.app/artist/UCa1eYN7cwBQrOFQLt_K8c-Q
2026-05-09 21:25:11,421 | INFO | Crawled 5 pages
2026-05-09 21:25:31,542 | INFO | Checked page: https://web-music-new-update.vercel.app/
2026-05-09 21:25:40,760 | INFO | Checked page: https://web-music-new-update.vercel.app/history
2026-05-09 21:26:05,808 | INFO | Checked page: https://web-music-new-update.vercel.app/artist/UCDkv8TdCmYHL9sep2Ag3SFw
2026-05-09 21:26:30,496 | INFO | Checked page: https://web-music-new-update.vercel.app/artist/UChsdnMtXNws_GcYHn3nvIjg
2026-05-09 21:26:55,370 | INFO | Checked page: https://web-music-new-update.vercel.app/artist/UCa1eYN7cwBQrOFQLt_K8c-Q
2026-05-09 21:43:10,181 | INFO | Crawled 1 pages
2026-05-09 21:43:24,177 | INFO | Checked page: https://clarityhd.vercel.app/
2026-05-09 21:47:23,687 | INFO | Crawled 1 pages
2026-05-09 21:47:38,004 | INFO | Checked page: https://clarityhd.vercel.app/
2026-05-09 21:49:53,993 | INFO | Crawled 1 pages
2026-05-09 21:50:08,702 | INFO | Checked page: https://clarityhd.vercel.app/
2026-05-09 21:52:00,724 | INFO | Crawled 1 pages
2026-05-09 21:52:15,437 | INFO | Checked page: https://clarityhd.vercel.app/
2026-05-09 22:38:40,334 | INFO | Crawled 5 pages
2026-05-09 22:39:52,461 | INFO | Checked page: https://vynra-tune.my.id/
2026-05-09 22:41:03,756 | INFO | Checked page: https://vynra-tune.my.id/profile
2026-05-09 22:41:27,821 | INFO | Checked page: https://vynra-tune.my.id/change-password
2026-05-09 22:41:53,571 | INFO | Checked page: https://vynra-tune.my.id/ai-music
2026-05-09 22:42:05,504 | INFO | Checked page: https://vynra-tune.my.id/history
